1777978909.184389 client started (1478241): version 3.6a, socket /tmp/tmux-1000/default, protocol 8
1777978909.184400 on Linux 6.17.0-19-generic #19~24.04.2-Ubuntu SMP PREEMPT_DYNAMIC Fri Mar  6 23:08:46 UTC 2
1777978909.184401 using libevent 2.1.12-stable poll
1777978909.184402 using ncurses 6.5 20240427
1777978909.184408 flags are 0x18010000
1777978909.184408 socket is /tmp/tmux-1000/default
1777978909.184413 trying connect
1777978909.184423 add peer 0x5f0689037840: 6 ((nil))
1777978909.184548 sending message 111 to peer 0x5f0689037840 (8 bytes)
1777978909.184551 sending message 111 to peer 0x5f0689037840 (8 bytes)
1777978909.184553 sending message 101 to peer 0x5f0689037840 (15 bytes)
1777978909.184554 sending message 109 to peer 0x5f0689037840 (4 bytes)
1777978909.184555 sending message 102 to peer 0x5f0689037840 (12 bytes)
1777978909.184556 sending message 108 to peer 0x5f0689037840 (70 bytes)
1777978909.184557 sending message 112 to peer 0x5f0689037840 (58 bytes)
1777978909.184557 sending message 112 to peer 0x5f0689037840 (5 bytes)
1777978909.184558 sending message 112 to peer 0x5f0689037840 (5 bytes)
1777978909.184559 sending message 112 to peer 0x5f0689037840 (6 bytes)
1777978909.184560 sending message 112 to peer 0x5f0689037840 (6 bytes)
1777978909.184561 sending message 112 to peer 0x5f0689037840 (11 bytes)
1777978909.184562 sending message 112 to peer 0x5f0689037840 (10 bytes)
1777978909.184563 sending message 112 to peer 0x5f0689037840 (13 bytes)
1777978909.184563 sending message 112 to peer 0x5f0689037840 (14 bytes)
1777978909.184564 sending message 112 to peer 0x5f0689037840 (19 bytes)
1777978909.184565 sending message 112 to peer 0x5f0689037840 (11 bytes)
1777978909.184566 sending message 112 to peer 0x5f0689037840 (10 bytes)
1777978909.184567 sending message 112 to peer 0x5f0689037840 (15 bytes)
1777978909.184568 sending message 112 to peer 0x5f0689037840 (21 bytes)
1777978909.184568 sending message 112 to peer 0x5f0689037840 (13 bytes)
1777978909.184569 sending message 112 to peer 0x5f0689037840 (7 bytes)
1777978909.184570 sending message 112 to peer 0x5f0689037840 (13 bytes)
1777978909.184571 sending message 112 to peer 0x5f0689037840 (7 bytes)
1777978909.184572 sending message 112 to peer 0x5f0689037840 (13 bytes)
1777978909.184572 sending message 112 to peer 0x5f0689037840 (9 bytes)
1777978909.184573 sending message 112 to peer 0x5f0689037840 (21 bytes)
1777978909.184574 sending message 112 to peer 0x5f0689037840 (13 bytes)
1777978909.184575 sending message 112 to peer 0x5f0689037840 (9 bytes)
1777978909.184576 sending message 112 to peer 0x5f0689037840 (16 bytes)
1777978909.184577 sending message 112 to peer 0x5f0689037840 (13 bytes)
1777978909.184577 sending message 112 to peer 0x5f0689037840 (9 bytes)
1777978909.184578 sending message 112 to peer 0x5f0689037840 (9 bytes)
1777978909.184579 sending message 112 to peer 0x5f0689037840 (12 bytes)
1777978909.184580 sending message 112 to peer 0x5f0689037840 (8 bytes)
1777978909.184581 sending message 112 to peer 0x5f0689037840 (8 bytes)
1777978909.184581 sending message 112 to peer 0x5f0689037840 (13 bytes)
1777978909.184582 sending message 112 to peer 0x5f0689037840 (7 bytes)
1777978909.184583 sending message 112 to peer 0x5f0689037840 (7 bytes)
1777978909.184584 sending message 112 to peer 0x5f0689037840 (9 bytes)
1777978909.184585 sending message 112 to peer 0x5f0689037840 (9 bytes)
1777978909.184586 sending message 112 to peer 0x5f0689037840 (15 bytes)
1777978909.184586 sending message 112 to peer 0x5f0689037840 (13 bytes)
1777978909.184587 sending message 112 to peer 0x5f0689037840 (12 bytes)
1777978909.184588 sending message 112 to peer 0x5f0689037840 (8 bytes)
1777978909.184589 sending message 112 to peer 0x5f0689037840 (14 bytes)
1777978909.184590 sending message 112 to peer 0x5f0689037840 (11 bytes)
1777978909.184590 sending message 112 to peer 0x5f0689037840 (9 bytes)
1777978909.184591 sending message 112 to peer 0x5f0689037840 (10 bytes)
1777978909.184592 sending message 112 to peer 0x5f0689037840 (10 bytes)
1777978909.184593 sending message 112 to peer 0x5f0689037840 (10 bytes)
1777978909.184596 sending message 112 to peer 0x5f0689037840 (10 bytes)
1777978909.184597 sending message 112 to peer 0x5f0689037840 (11 bytes)
1777978909.184598 sending message 112 to peer 0x5f0689037840 (12 bytes)
1777978909.184599 sending message 112 to peer 0x5f0689037840 (12 bytes)
1777978909.184599 sending message 112 to peer 0x5f0689037840 (12 bytes)
1777978909.184600 sending message 112 to peer 0x5f0689037840 (12 bytes)
1777978909.184601 sending message 112 to peer 0x5f0689037840 (12 bytes)
1777978909.184602 sending message 112 to peer 0x5f0689037840 (11 bytes)
1777978909.184603 sending message 112 to peer 0x5f0689037840 (11 bytes)
1777978909.184604 sending message 112 to peer 0x5f0689037840 (12 bytes)
1777978909.184605 sending message 112 to peer 0x5f0689037840 (12 bytes)
1777978909.184605 sending message 112 to peer 0x5f0689037840 (12 bytes)
1777978909.184606 sending message 112 to peer 0x5f0689037840 (12 bytes)
1777978909.184607 sending message 112 to peer 0x5f0689037840 (12 bytes)
1777978909.184608 sending message 112 to peer 0x5f0689037840 (9 bytes)
1777978909.184609 sending message 112 to peer 0x5f0689037840 (12 bytes)
1777978909.184609 sending message 112 to peer 0x5f0689037840 (13 bytes)
1777978909.184610 sending message 112 to peer 0x5f0689037840 (13 bytes)
1777978909.184611 sending message 112 to peer 0x5f0689037840 (13 bytes)
1777978909.184612 sending message 112 to peer 0x5f0689037840 (13 bytes)
1777978909.184613 sending message 112 to peer 0x5f0689037840 (13 bytes)
1777978909.184614 sending message 112 to peer 0x5f0689037840 (8 bytes)
1777978909.184615 sending message 112 to peer 0x5f0689037840 (11 bytes)
1777978909.184615 sending message 112 to peer 0x5f0689037840 (11 bytes)
1777978909.184616 sending message 112 to peer 0x5f0689037840 (11 bytes)
1777978909.184617 sending message 112 to peer 0x5f0689037840 (12 bytes)
1777978909.184618 sending message 112 to peer 0x5f0689037840 (12 bytes)
1777978909.184619 sending message 112 to peer 0x5f0689037840 (12 bytes)
1777978909.184620 sending message 112 to peer 0x5f0689037840 (12 bytes)
1777978909.184621 sending message 112 to peer 0x5f0689037840 (13 bytes)
1777978909.184622 sending message 112 to peer 0x5f0689037840 (13 bytes)
1777978909.184623 sending message 112 to peer 0x5f0689037840 (13 bytes)
1777978909.184624 sending message 112 to peer 0x5f0689037840 (8 bytes)
1777978909.184625 sending message 112 to peer 0x5f0689037840 (13 bytes)
1777978909.184625 sending message 112 to peer 0x5f0689037840 (13 bytes)
1777978909.184626 sending message 112 to peer 0x5f0689037840 (13 bytes)
1777978909.184627 sending message 112 to peer 0x5f0689037840 (13 bytes)
1777978909.184628 sending message 112 to peer 0x5f0689037840 (13 bytes)
1777978909.184629 sending message 112 to peer 0x5f0689037840 (12 bytes)
1777978909.184630 sending message 112 to peer 0x5f0689037840 (12 bytes)
1777978909.184631 sending message 112 to peer 0x5f0689037840 (12 bytes)
1777978909.184632 sending message 112 to peer 0x5f0689037840 (12 bytes)
1777978909.184633 sending message 112 to peer 0x5f0689037840 (13 bytes)
1777978909.184634 sending message 112 to peer 0x5f0689037840 (8 bytes)
1777978909.184635 sending message 112 to peer 0x5f0689037840 (13 bytes)
1777978909.184635 sending message 112 to peer 0x5f0689037840 (13 bytes)
1777978909.184636 sending message 112 to peer 0x5f0689037840 (13 bytes)
1777978909.184637 sending message 112 to peer 0x5f0689037840 (13 bytes)
1777978909.184638 sending message 112 to peer 0x5f0689037840 (13 bytes)
1777978909.184639 sending message 112 to peer 0x5f0689037840 (13 bytes)
1777978909.184640 sending message 112 to peer 0x5f0689037840 (13 bytes)
1777978909.184641 sending message 112 to peer 0x5f0689037840 (12 bytes)
1777978909.184642 sending message 112 to peer 0x5f0689037840 (12 bytes)
1777978909.184643 sending message 112 to peer 0x5f0689037840 (12 bytes)
1777978909.184644 sending message 112 to peer 0x5f0689037840 (8 bytes)
1777978909.184644 sending message 112 to peer 0x5f0689037840 (12 bytes)
1777978909.184645 sending message 112 to peer 0x5f0689037840 (13 bytes)
1777978909.184648 sending message 112 to peer 0x5f0689037840 (13 bytes)
1777978909.184649 sending message 112 to peer 0x5f0689037840 (13 bytes)
1777978909.184650 sending message 112 to peer 0x5f0689037840 (13 bytes)
1777978909.184655 sending message 112 to peer 0x5f0689037840 (13 bytes)
1777978909.184656 sending message 112 to peer 0x5f0689037840 (13 bytes)
1777978909.184657 sending message 112 to peer 0x5f0689037840 (13 bytes)
1777978909.184658 sending message 112 to peer 0x5f0689037840 (13 bytes)
1777978909.184659 sending message 112 to peer 0x5f0689037840 (12 bytes)
1777978909.184660 sending message 112 to peer 0x5f0689037840 (10 bytes)
1777978909.184661 sending message 112 to peer 0x5f0689037840 (12 bytes)
1777978909.184661 sending message 112 to peer 0x5f0689037840 (12 bytes)
1777978909.184662 sending message 112 to peer 0x5f0689037840 (12 bytes)
1777978909.184663 sending message 112 to peer 0x5f0689037840 (13 bytes)
1777978909.184664 sending message 112 to peer 0x5f0689037840 (13 bytes)
1777978909.184665 sending message 112 to peer 0x5f0689037840 (13 bytes)
1777978909.184666 sending message 112 to peer 0x5f0689037840 (13 bytes)
1777978909.184667 sending message 112 to peer 0x5f0689037840 (13 bytes)
1777978909.184668 sending message 112 to peer 0x5f0689037840 (13 bytes)
1777978909.184669 sending message 112 to peer 0x5f0689037840 (13 bytes)
1777978909.184670 sending message 112 to peer 0x5f0689037840 (10 bytes)
1777978909.184671 sending message 112 to peer 0x5f0689037840 (13 bytes)
1777978909.184671 sending message 112 to peer 0x5f0689037840 (12 bytes)
1777978909.184672 sending message 112 to peer 0x5f0689037840 (12 bytes)
1777978909.184673 sending message 112 to peer 0x5f0689037840 (12 bytes)
1777978909.184674 sending message 112 to peer 0x5f0689037840 (10 bytes)
1777978909.184675 sending message 112 to peer 0x5f0689037840 (10 bytes)
1777978909.184676 sending message 112 to peer 0x5f0689037840 (10 bytes)
1777978909.184676 sending message 112 to peer 0x5f0689037840 (12 bytes)
1777978909.184678 sending message 112 to peer 0x5f0689037840 (13 bytes)
1777978909.184678 sending message 112 to peer 0x5f0689037840 (13 bytes)
1777978909.184679 sending message 112 to peer 0x5f0689037840 (13 bytes)
1777978909.184680 sending message 112 to peer 0x5f0689037840 (13 bytes)
1777978909.184681 sending message 112 to peer 0x5f0689037840 (13 bytes)
1777978909.184682 sending message 112 to peer 0x5f0689037840 (10 bytes)
1777978909.184683 sending message 112 to peer 0x5f0689037840 (11 bytes)
1777978909.184684 sending message 112 to peer 0x5f0689037840 (12 bytes)
1777978909.184684 sending message 112 to peer 0x5f0689037840 (12 bytes)
1777978909.184685 sending message 112 to peer 0x5f0689037840 (12 bytes)
1777978909.184686 sending message 112 to peer 0x5f0689037840 (12 bytes)
1777978909.184687 sending message 112 to peer 0x5f0689037840 (12 bytes)
1777978909.184688 sending message 112 to peer 0x5f0689037840 (11 bytes)
1777978909.184689 sending message 112 to peer 0x5f0689037840 (12 bytes)
1777978909.184690 sending message 112 to peer 0x5f0689037840 (12 bytes)
1777978909.184691 sending message 112 to peer 0x5f0689037840 (13 bytes)
1777978909.184692 sending message 112 to peer 0x5f0689037840 (13 bytes)
1777978909.184693 sending message 112 to peer 0x5f0689037840 (13 bytes)
1777978909.184693 sending message 112 to peer 0x5f0689037840 (13 bytes)
1777978909.184694 sending message 112 to peer 0x5f0689037840 (13 bytes)
1777978909.184695 sending message 112 to peer 0x5f0689037840 (10 bytes)
1777978909.184696 sending message 112 to peer 0x5f0689037840 (9 bytes)
1777978909.184697 sending message 112 to peer 0x5f0689037840 (12 bytes)
1777978909.184698 sending message 112 to peer 0x5f0689037840 (13 bytes)
1777978909.184699 sending message 112 to peer 0x5f0689037840 (13 bytes)
1777978909.184699 sending message 112 to peer 0x5f0689037840 (13 bytes)
1777978909.184701 sending message 112 to peer 0x5f0689037840 (13 bytes)
1777978909.184701 sending message 112 to peer 0x5f0689037840 (13 bytes)
1777978909.184702 sending message 112 to peer 0x5f0689037840 (9 bytes)
1777978909.184704 sending message 112 to peer 0x5f0689037840 (12 bytes)
1777978909.184705 sending message 112 to peer 0x5f0689037840 (13 bytes)
1777978909.184706 sending message 112 to peer 0x5f0689037840 (13 bytes)
1777978909.184707 sending message 112 to peer 0x5f0689037840 (13 bytes)
1777978909.184708 sending message 112 to peer 0x5f0689037840 (13 bytes)
1777978909.184709 sending message 112 to peer 0x5f0689037840 (13 bytes)
1777978909.184710 sending message 112 to peer 0x5f0689037840 (11 bytes)
1777978909.184711 sending message 112 to peer 0x5f0689037840 (12 bytes)
1777978909.184711 sending message 112 to peer 0x5f0689037840 (13 bytes)
1777978909.184712 sending message 112 to peer 0x5f0689037840 (13 bytes)
1777978909.184713 sending message 112 to peer 0x5f0689037840 (13 bytes)
1777978909.184714 sending message 112 to peer 0x5f0689037840 (13 bytes)
1777978909.184715 sending message 112 to peer 0x5f0689037840 (13 bytes)
1777978909.184716 sending message 112 to peer 0x5f0689037840 (11 bytes)
1777978909.184717 sending message 112 to peer 0x5f0689037840 (12 bytes)
1777978909.184717 sending message 112 to peer 0x5f0689037840 (12 bytes)
1777978909.184719 sending message 112 to peer 0x5f0689037840 (12 bytes)
1777978909.184719 sending message 112 to peer 0x5f0689037840 (12 bytes)
1777978909.184720 sending message 112 to peer 0x5f0689037840 (12 bytes)
1777978909.184721 sending message 112 to peer 0x5f0689037840 (21 bytes)
1777978909.184722 sending message 112 to peer 0x5f0689037840 (12 bytes)
1777978909.184723 sending message 112 to peer 0x5f0689037840 (9 bytes)
1777978909.184724 sending message 112 to peer 0x5f0689037840 (6 bytes)
1777978909.184725 sending message 112 to peer 0x5f0689037840 (13 bytes)
1777978909.184725 sending message 112 to peer 0x5f0689037840 (10 bytes)
1777978909.184726 sending message 112 to peer 0x5f0689037840 (24 bytes)
1777978909.184727 sending message 112 to peer 0x5f0689037840 (13 bytes)
1777978909.184728 sending message 112 to peer 0x5f0689037840 (9 bytes)
1777978909.184729 sending message 112 to peer 0x5f0689037840 (70 bytes)
1777978909.184730 sending message 112 to peer 0x5f0689037840 (69 bytes)
1777978909.184731 sending message 112 to peer 0x5f0689037840 (12 bytes)
1777978909.184732 sending message 112 to peer 0x5f0689037840 (10 bytes)
1777978909.184733 sending message 112 to peer 0x5f0689037840 (10 bytes)
1777978909.184734 sending message 112 to peer 0x5f0689037840 (24 bytes)
1777978909.184735 sending message 112 to peer 0x5f0689037840 (13 bytes)
1777978909.184736 sending message 112 to peer 0x5f0689037840 (10 bytes)
1777978909.184737 sending message 112 to peer 0x5f0689037840 (10 bytes)
1777978909.184738 sending message 112 to peer 0x5f0689037840 (10 bytes)
1777978909.184738 sending message 112 to peer 0x5f0689037840 (13 bytes)
1777978909.184739 sending message 112 to peer 0x5f0689037840 (15 bytes)
1777978909.184740 sending message 112 to peer 0x5f0689037840 (5 bytes)
1777978909.184741 sending message 104 to peer 0x5f0689037840 (0 bytes)
1777978909.184742 sending message 110 to peer 0x5f0689037840 (0 bytes)
1777978909.184743 sending message 107 to peer 0x5f0689037840 (4 bytes)
1777978909.184744 sending message 105 to peer 0x5f0689037840 (19 bytes)
1777978909.184746 sending message 105 to peer 0x5f0689037840 (15 bytes)
1777978909.184746 sending message 105 to peer 0x5f0689037840 (17 bytes)
1777978909.184747 sending message 105 to peer 0x5f0689037840 (9 bytes)
1777978909.184748 sending message 105 to peer 0x5f0689037840 (12 bytes)
1777978909.184749 sending message 105 to peer 0x5f0689037840 (15 bytes)
1777978909.184750 sending message 105 to peer 0x5f0689037840 (342 bytes)
1777978909.184751 sending message 105 to peer 0x5f0689037840 (19 bytes)
1777978909.184752 sending message 105 to peer 0x5f0689037840 (20 bytes)
1777978909.184753 sending message 105 to peer 0x5f0689037840 (20 bytes)
1777978909.184754 sending message 105 to peer 0x5f0689037840 (31 bytes)
1777978909.184755 sending message 105 to peer 0x5f0689037840 (54 bytes)
1777978909.184756 sending message 105 to peer 0x5f0689037840 (21 bytes)
1777978909.184758 sending message 105 to peer 0x5f0689037840 (23 bytes)
1777978909.184759 sending message 105 to peer 0x5f0689037840 (30 bytes)
1777978909.184760 sending message 105 to peer 0x5f0689037840 (44 bytes)
1777978909.184761 sending message 105 to peer 0x5f0689037840 (20 bytes)
1777978909.184762 sending message 105 to peer 0x5f0689037840 (8 bytes)
1777978909.184763 sending message 105 to peer 0x5f0689037840 (74 bytes)
1777978909.184764 sending message 105 to peer 0x5f0689037840 (17 bytes)
1777978909.184765 sending message 105 to peer 0x5f0689037840 (25 bytes)
1777978909.184765 sending message 105 to peer 0x5f0689037840 (11 bytes)
1777978909.184766 sending message 105 to peer 0x5f0689037840 (8 bytes)
1777978909.184767 sending message 105 to peer 0x5f0689037840 (32 bytes)
1777978909.184769 sending message 105 to peer 0x5f0689037840 (1817 bytes)
1777978909.184789 sending message 105 to peer 0x5f0689037840 (10 bytes)
1777978909.184796 sending message 105 to peer 0x5f0689037840 (25 bytes)
1777978909.184800 sending message 105 to peer 0x5f0689037840 (23 bytes)
1777978909.184805 sending message 105 to peer 0x5f0689037840 (16 bytes)
1777978909.184809 sending message 105 to peer 0x5f0689037840 (49 bytes)
1777978909.184815 sending message 105 to peer 0x5f0689037840 (58 bytes)
1777978909.184820 sending message 105 to peer 0x5f0689037840 (43 bytes)
1777978909.184824 sending message 105 to peer 0x5f0689037840 (50 bytes)
1777978909.184828 sending message 105 to peer 0x5f0689037840 (56 bytes)
1777978909.184833 sending message 105 to peer 0x5f0689037840 (48 bytes)
1777978909.184839 sending message 105 to peer 0x5f0689037840 (28 bytes)
1777978909.184844 sending message 105 to peer 0x5f0689037840 (16 bytes)
1777978909.184848 sending message 105 to peer 0x5f0689037840 (41 bytes)
1777978909.184852 sending message 105 to peer 0x5f0689037840 (42 bytes)
1777978909.184856 sending message 105 to peer 0x5f0689037840 (7 bytes)
1777978909.184863 sending message 105 to peer 0x5f0689037840 (11 bytes)
1777978909.184867 sending message 105 to peer 0x5f0689037840 (49 bytes)
1777978909.184871 sending message 105 to peer 0x5f0689037840 (33 bytes)
1777978909.184876 sending message 105 to peer 0x5f0689037840 (14 bytes)
1777978909.184880 sending message 105 to peer 0x5f0689037840 (49 bytes)
1777978909.184884 sending message 105 to peer 0x5f0689037840 (28 bytes)
1777978909.184890 sending message 105 to peer 0x5f0689037840 (35 bytes)
1777978909.184894 sending message 105 to peer 0x5f0689037840 (12 bytes)
1777978909.184898 sending message 105 to peer 0x5f0689037840 (21 bytes)
1777978909.184903 sending message 105 to peer 0x5f0689037840 (57 bytes)
1777978909.184909 sending message 105 to peer 0x5f0689037840 (23 bytes)
1777978909.184914 sending message 105 to peer 0x5f0689037840 (36 bytes)
1777978909.184918 sending message 105 to peer 0x5f0689037840 (47 bytes)
1777978909.184923 sending message 106 to peer 0x5f0689037840 (0 bytes)
1777978909.185009 sending message 200 to peer 0x5f0689037840 (4 bytes)
1777978909.185018 client loop enter
1777978909.185649 peer 0x5f0689037840 message 303
1777978909.185696 open write file 2 -
1777978909.185740 sending message 305 to peer 0x5f0689037840 (8 bytes)
1777978909.185761 write check file 2
1777978909.186054 peer 0x5f0689037840 message 304
1777978909.186088 write 37 to file 2
1777978909.186099 peer 0x5f0689037840 message 203
1777978909.186106 file 2 37 bytes left
1777978909.186139 write check file 2
1777978909.186149 client loop exit
